[2026-08-21 21:27:17] === Initializing Router Full Book Translation Engine ===
[2026-08-21 21:27:17] Starting ch01_the_boy_who_lived with 8 pages/sections...
[2026-08-21 21:27:17] Translating ch01_the_boy_who_lived/sec01.md via Router...
[2026-08-21 21:27:24] Successfully translated ch01_the_boy_who_lived/sec01.md (725 chars)
[2026-08-21 21:27:24] Translating ch01_the_boy_who_lived/sec02.md via Router...
[2026-08-21 21:27:30] Successfully translated ch01_the_boy_who_lived/sec02.md (816 chars)
[2026-08-21 21:27:30] Translating ch01_the_boy_who_lived/sec03.md via Router...
[2026-08-21 21:27:36] Successfully translated ch01_the_boy_who_lived/sec03.md (664 chars)
[2026-08-21 21:27:36] Translating ch01_the_boy_who_lived/sec04.md via Router...
[2026-08-21 21:27:46] Successfully translated ch01_the_boy_who_lived/sec04.md (2450 chars)
[2026-08-21 21:27:46] Translating ch01_the_boy_who_lived/sec05.md via Router...
[2026-08-21 21:27:53] Successfully translated ch01_the_boy_who_lived/sec05.md (852 chars)
[2026-08-21 21:27:53] Translating ch01_the_boy_who_lived/sec06.md via Router...
[2026-08-21 21:27:56] Successfully translated ch01_the_boy_who_lived/sec06.md (621 chars)
[2026-08-21 21:27:56] Translating ch01_the_boy_who_lived/sec07.md via Router...
[2026-08-21 21:28:09] Successfully translated ch01_the_boy_who_lived/sec07.md (2725 chars)
[2026-08-21 21:28:09] Translating ch01_the_boy_who_lived/sec08.md via Router...
[2026-08-21 21:28:15] Successfully translated ch01_the_boy_who_lived/sec08.md (689 chars)
[2026-08-21 21:28:15] Starting ch02_the_vanishing_glass with 5 pages/sections...
[2026-08-21 21:28:15] Translating ch02_the_vanishing_glass/sec01.md via Router...
[2026-08-21 21:28:19] Successfully translated ch02_the_vanishing_glass/sec01.md (705 chars)
[2026-08-21 21:28:19] Translating ch02_the_vanishing_glass/sec02.md via Router...
[2026-08-21 21:28:36] Successfully translated ch02_the_vanishing_glass/sec02.md (4359 chars)
[2026-08-21 21:28:36] Translating ch02_the_vanishing_glass/sec03.md via Router...
[2026-08-21 21:28:44] Successfully translated ch02_the_vanishing_glass/sec03.md (3108 chars)
[2026-08-21 21:28:44] Translating ch02_the_vanishing_glass/sec04.md via Router...
[2026-08-21 21:28:55] Successfully translated ch02_the_vanishing_glass/sec04.md (2670 chars)
[2026-08-21 21:28:55] Translating ch02_the_vanishing_glass/sec05.md via Router...
[2026-08-21 21:29:02] Successfully translated ch02_the_vanishing_glass/sec05.md (859 chars)
[2026-08-21 21:29:02] Starting ch03_letters_from_no_one with 7 pages/sections...
[2026-08-21 21:29:02] Translating ch03_letters_from_no_one/sec01.md via Router...
[2026-08-21 21:29:07] Successfully translated ch03_letters_from_no_one/sec01.md (859 chars)
[2026-08-21 21:29:07] Translating ch03_letters_from_no_one/sec02.md via Router...
[2026-08-21 21:29:21] Successfully translated ch03_letters_from_no_one/sec02.md (3968 chars)
[2026-08-21 21:29:21] Translating ch03_letters_from_no_one/sec03.md via Router...
[2026-08-21 21:29:38] Successfully translated ch03_letters_from_no_one/sec03.md (4984 chars)
[2026-08-21 21:29:38] Translating ch03_letters_from_no_one/sec04.md via Router...
[2026-08-21 21:29:48] Successfully translated ch03_letters_from_no_one/sec04.md (2608 chars)
[2026-08-21 21:29:48] Translating ch03_letters_from_no_one/sec05.md via Router...
[2026-08-21 21:29:59] Successfully translated ch03_letters_from_no_one/sec05.md (2756 chars)
[2026-08-21 21:29:59] Translating ch03_letters_from_no_one/sec06.md via Router...
[2026-08-21 21:30:05] Successfully translated ch03_letters_from_no_one/sec06.md (999 chars)
[2026-08-21 21:30:05] Translating ch03_letters_from_no_one/sec07.md via Router...
[2026-08-21 21:30:09] Successfully translated ch03_letters_from_no_one/sec07.md (358 chars)
[2026-08-21 21:30:09] Starting ch04_the_keeper_of_the_keys with 7 pages/sections...
[2026-08-21 21:30:09] Translating ch04_the_keeper_of_the_keys/sec01.md via Router...
[2026-08-21 21:30:32] Successfully translated ch04_the_keeper_of_the_keys/sec01.md (3751 chars)
[2026-08-21 21:30:32] Translating ch04_the_keeper_of_the_keys/sec02.md via Router...
[2026-08-21 21:30:45] Successfully translated ch04_the_keeper_of_the_keys/sec02.md (3466 chars)
[2026-08-21 21:30:45] Translating ch04_the_keeper_of_the_keys/sec03.md via Router...
[2026-08-21 21:30:50] Successfully translated ch04_the_keeper_of_the_keys/sec03.md (597 chars)
[2026-08-21 21:30:50] Translating ch04_the_keeper_of_the_keys/sec04.md via Router...
[2026-08-21 21:30:53] Successfully translated ch04_the_keeper_of_the_keys/sec04.md (772 chars)
[2026-08-21 21:30:53] Translating ch04_the_keeper_of_the_keys/sec05.md via Router...
[2026-08-21 21:30:58] Successfully translated ch04_the_keeper_of_the_keys/sec05.md (535 chars)
[2026-08-21 21:30:58] Translating ch04_the_keeper_of_the_keys/sec06.md via Router...
[2026-08-21 21:31:07] Successfully translated ch04_the_keeper_of_the_keys/sec06.md (2448 chars)
[2026-08-21 21:31:07] Translating ch04_the_keeper_of_the_keys/sec07.md via Router...
[2026-08-21 21:31:15] Successfully translated ch04_the_keeper_of_the_keys/sec07.md (1734 chars)
[2026-08-21 21:31:15] Starting ch05_diagon_alley with 11 pages/sections...
[2026-08-21 21:31:15] Translating ch05_diagon_alley/sec01.md via Router...
[2026-08-21 21:31:24] Successfully translated ch05_diagon_alley/sec01.md (3357 chars)
[2026-08-21 21:31:24] Translating ch05_diagon_alley/sec02.md via Router...
[2026-08-21 21:31:41] Successfully translated ch05_diagon_alley/sec02.md (3832 chars)
[2026-08-21 21:31:41] Translating ch05_diagon_alley/sec03.md via Router...
[2026-08-21 21:31:56] Successfully translated ch05_diagon_alley/sec03.md (4080 chars)
[2026-08-21 21:31:56] Translating ch05_diagon_alley/sec04.md via Router...
[2026-08-21 21:32:09] Successfully translated ch05_diagon_alley/sec04.md (4829 chars)
[2026-08-21 21:32:09] Translating ch05_diagon_alley/sec05.md via Router...
[2026-08-21 21:32:27] === Initializing Router Full Book Translation Engine ===
[2026-08-21 21:32:27] Starting ch01_the_boy_who_lived with 8 pages/sections...
[2026-08-21 21:32:27] Starting ch02_the_vanishing_glass with 5 pages/sections...
[2026-08-21 21:32:27] Starting ch03_letters_from_no_one with 7 pages/sections...
[2026-08-21 21:32:27] Starting ch04_the_keeper_of_the_keys with 7 pages/sections...
[2026-08-21 21:32:27] Starting ch05_diagon_alley with 11 pages/sections...
[2026-08-21 21:32:27] Translating ch05_diagon_alley/sec05.md via Router...
[2026-08-21 21:32:42] Successfully translated ch05_diagon_alley/sec05.md (4332 chars) | Tokens: Prompt=1507, Output=2166, Total=3673
[2026-08-21 21:32:42] Translating ch05_diagon_alley/sec06.md via Router...
[2026-08-21 21:32:52] Successfully translated ch05_diagon_alley/sec06.md (2537 chars) | Tokens: Prompt=1048, Output=1268, Total=2316
[2026-08-21 21:32:52] Translating ch05_diagon_alley/sec07.md via Router...
[2026-08-21 21:34:22] API attempt 1 failed: timed out
[2026-08-21 21:34:27] API attempt 2 failed: HTTP Error 403: Forbidden
[2026-08-21 21:34:31] API attempt 3 failed: HTTP Error 403: Forbidden
[2026-08-21 21:34:37] Failed to translate ch05_diagon_alley/sec07.md, skipping for retry...
[2026-08-21 21:34:40] Translating ch05_diagon_alley/sec08.md via Router...
[2026-08-21 21:34:40] API attempt 1 failed: HTTP Error 403: Forbidden
[2026-08-21 21:34:42] API attempt 2 failed: HTTP Error 403: Forbidden
[2026-08-21 21:34:46] API attempt 3 failed: HTTP Error 403: Forbidden
[2026-08-21 21:34:52] Failed to translate ch05_diagon_alley/sec08.md, skipping for retry...
[2026-08-21 21:34:55] Translating ch05_diagon_alley/sec09.md via Router...
[2026-08-21 21:34:55] API attempt 1 failed: HTTP Error 403: Forbidden
[2026-08-21 21:34:58] API attempt 2 failed: HTTP Error 403: Forbidden
[2026-08-21 21:35:02] API attempt 3 failed: HTTP Error 403: Forbidden
[2026-08-21 21:35:08] Failed to translate ch05_diagon_alley/sec09.md, skipping for retry...
[2026-08-21 21:35:11] Translating ch05_diagon_alley/sec10.md via Router...
[2026-08-21 21:35:11] API attempt 1 failed: HTTP Error 403: Forbidden
[2026-08-21 21:35:13] API attempt 2 failed: HTTP Error 403: Forbidden
[2026-08-21 21:35:17] API attempt 3 failed: HTTP Error 403: Forbidden
[2026-08-21 21:35:23] Failed to translate ch05_diagon_alley/sec10.md, skipping for retry...
[2026-08-21 21:35:26] Translating ch05_diagon_alley/sec11.md via Router...
[2026-08-21 21:35:26] API attempt 1 failed: HTTP Error 403: Forbidden
[2026-08-21 21:35:28] API attempt 2 failed: HTTP Error 403: Forbidden
[2026-08-21 21:35:32] API attempt 3 failed: HTTP Error 403: Forbidden
[2026-08-21 21:35:38] Failed to translate ch05_diagon_alley/sec11.md, skipping for retry...
[2026-08-21 21:35:41] Starting ch06_the_journey_from_platform_nine_and_threequarters with 12 pages/sections...
[2026-08-21 21:35:41] Translating ch06_the_journey_from_platform_nine_and_threequarters/sec01.md via Router...
[2026-08-21 21:35:41] API attempt 1 failed: HTTP Error 403: Forbidden
[2026-08-21 21:35:43] API attempt 2 failed: HTTP Error 403: Forbidden
[2026-08-21 21:35:47] API attempt 3 failed: HTTP Error 403: Forbidden
[2026-08-21 21:35:53] Failed to translate ch06_the_journey_from_platform_nine_and_threequarters/sec01.md, skipping for retry...
[2026-08-21 21:35:56] Translating ch06_the_journey_from_platform_nine_and_threequarters/sec02.md via Router...
[2026-08-21 21:35:56] API attempt 1 failed: HTTP Error 403: Forbidden
[2026-08-21 21:35:58] API attempt 2 failed: HTTP Error 403: Forbidden
[2026-08-21 21:36:02] API attempt 3 failed: HTTP Error 403: Forbidden
[2026-08-21 21:36:08] Failed to translate ch06_the_journey_from_platform_nine_and_threequarters/sec02.md, skipping for retry...
[2026-08-21 21:36:11] Translating ch06_the_journey_from_platform_nine_and_threequarters/sec03.md via Router...
[2026-08-21 21:36:11] API attempt 1 failed: HTTP Error 403: Forbidden
[2026-08-21 21:36:13] API attempt 2 failed: HTTP Error 403: Forbidden
[2026-08-21 21:36:17] API attempt 3 failed: HTTP Error 403: Forbidden
[2026-08-21 21:36:23] Failed to translate ch06_the_journey_from_platform_nine_and_threequarters/sec03.md, skipping for retry...
[2026-08-21 21:36:26] Translating ch06_the_journey_from_platform_nine_and_threequarters/sec04.md via Router...
[2026-08-21 21:36:26] API attempt 1 failed: HTTP Error 403: Forbidden
[2026-08-21 21:36:38] Successfully translated ch06_the_journey_from_platform_nine_and_threequarters/sec04.md (2929 chars) | Tokens: Prompt=1246, Output=1464, Total=2710
[2026-08-21 21:36:38] Translating ch06_the_journey_from_platform_nine_and_threequarters/sec05.md via Router...
[2026-08-21 21:36:49] Successfully translated ch06_the_journey_from_platform_nine_and_threequarters/sec05.md (2955 chars) | Tokens: Prompt=1245, Output=1477, Total=2722
[2026-08-21 21:36:49] Translating ch06_the_journey_from_platform_nine_and_threequarters/sec06.md via Router...
[2026-08-21 21:37:00] Successfully translated ch06_the_journey_from_platform_nine_and_threequarters/sec06.md (2288 chars) | Tokens: Prompt=1003, Output=1144, Total=2147
[2026-08-21 21:37:00] Translating ch06_the_journey_from_platform_nine_and_threequarters/sec07.md via Router...
[2026-08-21 21:37:11] Successfully translated ch06_the_journey_from_platform_nine_and_threequarters/sec07.md (2342 chars) | Tokens: Prompt=1027, Output=1171, Total=2198
[2026-08-21 21:37:11] Translating ch06_the_journey_from_platform_nine_and_threequarters/sec08.md via Router...
[2026-08-21 21:37:26] Successfully translated ch06_the_journey_from_platform_nine_and_threequarters/sec08.md (3940 chars) | Tokens: Prompt=1481, Output=1970, Total=3451
[2026-08-21 21:37:26] Translating ch06_the_journey_from_platform_nine_and_threequarters/sec09.md via Router...
[2026-08-21 21:37:35] Successfully translated ch06_the_journey_from_platform_nine_and_threequarters/sec09.md (4214 chars) | Tokens: Prompt=1529, Output=2107, Total=3636
[2026-08-21 21:37:35] Translating ch06_the_journey_from_platform_nine_and_threequarters/sec10.md via Router...
[2026-08-21 21:37:43] Successfully translated ch06_the_journey_from_platform_nine_and_threequarters/sec10.md (2267 chars) | Tokens: Prompt=1041, Output=1133, Total=2174
[2026-08-21 21:37:43] Translating ch06_the_journey_from_platform_nine_and_threequarters/sec11.md via Router...
[2026-08-21 21:37:49] Successfully translated ch06_the_journey_from_platform_nine_and_threequarters/sec11.md (962 chars) | Tokens: Prompt=1673, Output=481, Total=2154
[2026-08-21 21:37:49] Translating ch06_the_journey_from_platform_nine_and_threequarters/sec12.md via Router...
[2026-08-21 21:37:54] Successfully translated ch06_the_journey_from_platform_nine_and_threequarters/sec12.md (635 chars) | Tokens: Prompt=593, Output=317, Total=910
[2026-08-21 21:37:54] Starting ch07_the_sorting_hat with 9 pages/sections...
[2026-08-21 21:37:54] Translating ch07_the_sorting_hat/sec01.md via Router...
[2026-08-21 21:38:03] Successfully translated ch07_the_sorting_hat/sec01.md (2478 chars) | Tokens: Prompt=1057, Output=1239, Total=2296
[2026-08-21 21:38:03] Translating ch07_the_sorting_hat/sec02.md via Router...
[2026-08-21 21:38:11] Successfully translated ch07_the_sorting_hat/sec02.md (2418 chars) | Tokens: Prompt=1024, Output=1209, Total=2233
[2026-08-21 21:38:11] Translating ch07_the_sorting_hat/sec03.md via Router...
[2026-08-21 21:38:20] Successfully translated ch07_the_sorting_hat/sec03.md (2863 chars) | Tokens: Prompt=1179, Output=1431, Total=2610
[2026-08-21 21:38:20] Translating ch07_the_sorting_hat/sec04.md via Router...
[2026-08-21 21:38:35] Successfully translated ch07_the_sorting_hat/sec04.md (4041 chars) | Tokens: Prompt=1532, Output=2020, Total=3552
[2026-08-21 21:38:35] Translating ch07_the_sorting_hat/sec05.md via Router...
[2026-08-21 21:38:48] Successfully translated ch07_the_sorting_hat/sec05.md (2972 chars) | Tokens: Prompt=1154, Output=1486, Total=2640
[2026-08-21 21:38:48] Translating ch07_the_sorting_hat/sec06.md via Router...
[2026-08-21 21:38:58] Successfully translated ch07_the_sorting_hat/sec06.md (2537 chars) | Tokens: Prompt=1067, Output=1268, Total=2335
[2026-08-21 21:38:58] Translating ch07_the_sorting_hat/sec07.md via Router...
[2026-08-21 21:39:05] Successfully translated ch07_the_sorting_hat/sec07.md (613 chars) | Tokens: Prompt=1070, Output=306, Total=1376
[2026-08-21 21:39:05] Translating ch07_the_sorting_hat/sec08.md via Router...
[2026-08-21 21:39:24] Successfully translated ch07_the_sorting_hat/sec08.md (3774 chars) | Tokens: Prompt=1395, Output=1887, Total=3282
[2026-08-21 21:39:24] Translating ch07_the_sorting_hat/sec09.md via Router...
[2026-08-21 21:39:41] === Initializing Router Full Book Translation Engine ===
[2026-08-21 21:39:41] Starting ch01_the_boy_who_lived with 8 pages/sections...
[2026-08-21 21:39:41] Starting ch02_the_vanishing_glass with 5 pages/sections...
[2026-08-21 21:39:41] Starting ch03_letters_from_no_one with 7 pages/sections...
[2026-08-21 21:39:41] Starting ch04_the_keeper_of_the_keys with 7 pages/sections...
[2026-08-21 21:39:41] Starting ch05_diagon_alley with 11 pages/sections...
[2026-08-21 21:39:41] Translating ch05_diagon_alley/sec07.md via Router...
[2026-08-21 21:39:56] Successfully translated ch05_diagon_alley/sec07.md (4055 chars) | Time: 15.65s | Tokens: Prompt=1495, Output=2027, Total=3522
[2026-08-21 21:39:56] Translating ch05_diagon_alley/sec08.md via Router...
[2026-08-21 21:40:07] Successfully translated ch05_diagon_alley/sec08.md (2627 chars) | Time: 10.59s | Tokens: Prompt=1067, Output=1313, Total=2380
[2026-08-21 21:40:07] Translating ch05_diagon_alley/sec09.md via Router...
[2026-08-21 21:40:18] Successfully translated ch05_diagon_alley/sec09.md (2641 chars) | Time: 11.02s | Tokens: Prompt=1070, Output=1320, Total=2390
[2026-08-21 21:40:18] Translating ch05_diagon_alley/sec10.md via Router...
[2026-08-21 21:40:31] Successfully translated ch05_diagon_alley/sec10.md (4429 chars) | Time: 12.84s | Tokens: Prompt=1554, Output=2214, Total=3768
[2026-08-21 21:40:31] Translating ch05_diagon_alley/sec11.md via Router...
[2026-08-21 21:40:42] Successfully translated ch05_diagon_alley/sec11.md (2392 chars) | Time: 11.52s | Tokens: Prompt=1028, Output=1196, Total=2224
[2026-08-21 21:40:42] Starting ch06_the_journey_from_platform_nine_and_threequarters with 12 pages/sections...
[2026-08-21 21:40:42] Translating ch06_the_journey_from_platform_nine_and_threequarters/sec01.md via Router...
[2026-08-21 21:40:52] Successfully translated ch06_the_journey_from_platform_nine_and_threequarters/sec01.md (4255 chars) | Time: 9.96s | Tokens: Prompt=1538, Output=2127, Total=3665
[2026-08-21 21:40:52] Translating ch06_the_journey_from_platform_nine_and_threequarters/sec02.md via Router...
[2026-08-21 21:41:00] Successfully translated ch06_the_journey_from_platform_nine_and_threequarters/sec02.md (2512 chars) | Time: 7.56s | Tokens: Prompt=1064, Output=1256, Total=2320
[2026-08-21 21:41:00] Translating ch06_the_journey_from_platform_nine_and_threequarters/sec03.md via Router...
[2026-08-21 21:41:08] Successfully translated ch06_the_journey_from_platform_nine_and_threequarters/sec03.md (2205 chars) | Time: 8.36s | Tokens: Prompt=1023, Output=1102, Total=2125
[2026-08-21 21:41:08] Starting ch07_the_sorting_hat with 9 pages/sections...
[2026-08-21 21:41:08] Translating ch07_the_sorting_hat/sec09.md via Router...
[2026-08-21 21:41:16] Successfully translated ch07_the_sorting_hat/sec09.md (2176 chars) | Time: 8.1s | Tokens: Prompt=970, Output=1088, Total=2058
[2026-08-21 21:41:16] Starting ch08_the_potions_master with 6 pages/sections...
[2026-08-21 21:41:16] Translating ch08_the_potions_master/sec01.md via Router...
[2026-08-21 21:41:27] Successfully translated ch08_the_potions_master/sec01.md (2509 chars) | Time: 11.2s | Tokens: Prompt=1034, Output=1254, Total=2288
[2026-08-21 21:41:27] Translating ch08_the_potions_master/sec02.md via Router...
[2026-08-21 21:41:37] Successfully translated ch08_the_potions_master/sec02.md (3325 chars) | Time: 10.05s | Tokens: Prompt=1260, Output=1662, Total=2922
[2026-08-21 21:41:37] Translating ch08_the_potions_master/sec03.md via Router...
[2026-08-21 21:41:45] Successfully translated ch08_the_potions_master/sec03.md (2148 chars) | Time: 7.49s | Tokens: Prompt=1019, Output=1074, Total=2093
[2026-08-21 21:41:45] Translating ch08_the_potions_master/sec04.md via Router...
[2026-08-21 21:41:54] Successfully translated ch08_the_potions_master/sec04.md (909 chars) | Time: 8.74s | Tokens: Prompt=1022, Output=454, Total=1476
[2026-08-21 21:41:54] Translating ch08_the_potions_master/sec05.md via Router...
[2026-08-21 21:42:00] Successfully translated ch08_the_potions_master/sec05.md (578 chars) | Time: 5.92s | Tokens: Prompt=1092, Output=289, Total=1381
[2026-08-21 21:42:00] Translating ch08_the_potions_master/sec06.md via Router...
[2026-08-21 21:42:06] Successfully translated ch08_the_potions_master/sec06.md (666 chars) | Time: 6.59s | Tokens: Prompt=1583, Output=333, Total=1916
[2026-08-21 21:42:06] Starting ch09_the_midnight_duel with 9 pages/sections...
[2026-08-21 21:42:06] Translating ch09_the_midnight_duel/sec01.md via Router...
[2026-08-21 21:42:14] Successfully translated ch09_the_midnight_duel/sec01.md (3139 chars) | Time: 7.94s | Tokens: Prompt=1149, Output=1569, Total=2718
[2026-08-21 21:42:14] Translating ch09_the_midnight_duel/sec02.md via Router...
[2026-08-21 21:42:19] Successfully translated ch09_the_midnight_duel/sec02.md (667 chars) | Time: 5.23s | Tokens: Prompt=1581, Output=333, Total=1914
[2026-08-21 21:42:19] Translating ch09_the_midnight_duel/sec03.md via Router...
[2026-08-21 21:42:28] Successfully translated ch09_the_midnight_duel/sec03.md (2273 chars) | Time: 8.9s | Tokens: Prompt=1022, Output=1136, Total=2158
[2026-08-21 21:42:28] Translating ch09_the_midnight_duel/sec04.md via Router...
[2026-08-21 21:42:44] Successfully translated ch09_the_midnight_duel/sec04.md (4194 chars) | Time: 16.15s | Tokens: Prompt=1467, Output=2097, Total=3564
[2026-08-21 21:42:44] Translating ch09_the_midnight_duel/sec05.md via Router...
[2026-08-21 21:43:04] Successfully translated ch09_the_midnight_duel/sec05.md (4187 chars) | Time: 19.53s | Tokens: Prompt=1498, Output=2093, Total=3591
[2026-08-21 21:43:04] Translating ch09_the_midnight_duel/sec06.md via Router...
[2026-08-21 21:43:16] Successfully translated ch09_the_midnight_duel/sec06.md (3915 chars) | Time: 12.1s | Tokens: Prompt=1484, Output=1957, Total=3441
[2026-08-21 21:43:16] Translating ch09_the_midnight_duel/sec07.md via Router...
[2026-08-21 21:43:21] Successfully translated ch09_the_midnight_duel/sec07.md (663 chars) | Time: 5.26s | Tokens: Prompt=1480, Output=331, Total=1811
[2026-08-21 21:43:21] Translating ch09_the_midnight_duel/sec08.md via Router...
[2026-08-21 21:43:31] Successfully translated ch09_the_midnight_duel/sec08.md (2634 chars) | Time: 9.59s | Tokens: Prompt=1048, Output=1317, Total=2365
[2026-08-21 21:43:31] Translating ch09_the_midnight_duel/sec09.md via Router...
[2026-08-21 21:43:35] Successfully translated ch09_the_midnight_duel/sec09.md (475 chars) | Time: 4.35s | Tokens: Prompt=546, Output=237, Total=783
[2026-08-21 21:43:35] Starting ch10_halloween with 8 pages/sections...
[2026-08-21 21:43:35] Translating ch10_halloween/sec01.md via Router...
[2026-08-21 21:43:40] Successfully translated ch10_halloween/sec01.md (441 chars) | Time: 4.85s | Tokens: Prompt=1574, Output=220, Total=1794
[2026-08-21 21:43:40] Translating ch10_halloween/sec02.md via Router...
[2026-08-21 21:43:50] Successfully translated ch10_halloween/sec02.md (2477 chars) | Time: 9.65s | Tokens: Prompt=1035, Output=1238, Total=2273
[2026-08-21 21:43:50] Translating ch10_halloween/sec03.md via Router...
[2026-08-21 21:44:00] Successfully translated ch10_halloween/sec03.md (2416 chars) | Time: 9.89s | Tokens: Prompt=1000, Output=1208, Total=2208
[2026-08-21 21:44:00] Translating ch10_halloween/sec04.md via Router...
[2026-08-21 21:44:05] Successfully translated ch10_halloween/sec04.md (794 chars) | Time: 5.06s | Tokens: Prompt=1183, Output=397, Total=1580
[2026-08-21 21:44:05] Translating ch10_halloween/sec05.md via Router...
[2026-08-21 21:44:15] Successfully translated ch10_halloween/sec05.md (2395 chars) | Time: 10.11s | Tokens: Prompt=1020, Output=1197, Total=2217
[2026-08-21 21:44:15] Translating ch10_halloween/sec06.md via Router...
[2026-08-21 21:44:29] Successfully translated ch10_halloween/sec06.md (3867 chars) | Time: 14.34s | Tokens: Prompt=1429, Output=1933, Total=3362
[2026-08-21 21:44:29] Translating ch10_halloween/sec07.md via Router...
[2026-08-21 21:44:39] Successfully translated ch10_halloween/sec07.md (2441 chars) | Time: 9.71s | Tokens: Prompt=1054, Output=1220, Total=2274
[2026-08-21 21:44:39] Translating ch10_halloween/sec08.md via Router...
[2026-08-21 21:44:46] Successfully translated ch10_halloween/sec08.md (749 chars) | Time: 6.95s | Tokens: Prompt=1441, Output=374, Total=1815
[2026-08-21 21:44:46] Starting ch11_quidditch with 6 pages/sections...
[2026-08-21 21:44:46] Translating ch11_quidditch/sec01.md via Router...
[2026-08-21 21:44:56] Successfully translated ch11_quidditch/sec01.md (2770 chars) | Time: 10.14s | Tokens: Prompt=1110, Output=1385, Total=2495
[2026-08-21 21:44:56] Translating ch11_quidditch/sec02.md via Router...
[2026-08-21 21:45:08] Successfully translated ch11_quidditch/sec02.md (4283 chars) | Time: 11.79s | Tokens: Prompt=1503, Output=2141, Total=3644
[2026-08-21 21:45:08] Translating ch11_quidditch/sec03.md via Router...
[2026-08-21 21:45:13] Successfully translated ch11_quidditch/sec03.md (1504 chars) | Time: 5.17s | Tokens: Prompt=1481, Output=752, Total=2233
[2026-08-21 21:45:13] Translating ch11_quidditch/sec04.md via Router...
[2026-08-21 21:45:26] Successfully translated ch11_quidditch/sec04.md (4288 chars) | Time: 13.42s | Tokens: Prompt=1540, Output=2144, Total=3684
[2026-08-21 21:45:26] Translating ch11_quidditch/sec05.md via Router...
[2026-08-21 21:45:32] Successfully translated ch11_quidditch/sec05.md (675 chars) | Time: 6.09s | Tokens: Prompt=1059, Output=337, Total=1396
[2026-08-21 21:45:32] Translating ch11_quidditch/sec06.md via Router...
[2026-08-21 21:45:40] Successfully translated ch11_quidditch/sec06.md (1944 chars) | Time: 7.28s | Tokens: Prompt=896, Output=972, Total=1868
[2026-08-21 21:45:40] Starting ch12_the_mirror_of_erised with 10 pages/sections...
[2026-08-21 21:45:40] Translating ch12_the_mirror_of_erised/sec01.md via Router...
[2026-08-21 21:45:53] Successfully translated ch12_the_mirror_of_erised/sec01.md (2887 chars) | Time: 13.69s | Tokens: Prompt=1116, Output=1443, Total=2559
[2026-08-21 21:45:53] Translating ch12_the_mirror_of_erised/sec02.md via Router...
[2026-08-21 21:46:07] Successfully translated ch12_the_mirror_of_erised/sec02.md (4598 chars) | Time: 13.3s | Tokens: Prompt=1599, Output=2299, Total=3898
[2026-08-21 21:46:07] Translating ch12_the_mirror_of_erised/sec03.md via Router...
[2026-08-21 21:46:19] Successfully translated ch12_the_mirror_of_erised/sec03.md (2805 chars) | Time: 11.99s | Tokens: Prompt=1084, Output=1402, Total=2486
[2026-08-21 21:46:19] Translating ch12_the_mirror_of_erised/sec04.md via Router...
[2026-08-21 21:46:24] Successfully translated ch12_the_mirror_of_erised/sec04.md (645 chars) | Time: 5.27s | Tokens: Prompt=1359, Output=322, Total=1681
[2026-08-21 21:46:24] Translating ch12_the_mirror_of_erised/sec05.md via Router...
[2026-08-21 21:46:35] Successfully translated ch12_the_mirror_of_erised/sec05.md (3134 chars) | Time: 10.66s | Tokens: Prompt=1158, Output=1567, Total=2725
[2026-08-21 21:46:35] Translating ch12_the_mirror_of_erised/sec06.md via Router...
[2026-08-21 21:46:42] Successfully translated ch12_the_mirror_of_erised/sec06.md (2644 chars) | Time: 6.85s | Tokens: Prompt=1098, Output=1322, Total=2420
[2026-08-21 21:46:42] Translating ch12_the_mirror_of_erised/sec07.md via Router...
[2026-08-21 21:46:52] Successfully translated ch12_the_mirror_of_erised/sec07.md (2785 chars) | Time: 10.4s | Tokens: Prompt=1201, Output=1392, Total=2593
[2026-08-21 21:46:52] Translating ch12_the_mirror_of_erised/sec08.md via Router...
[2026-08-21 21:46:56] Successfully translated ch12_the_mirror_of_erised/sec08.md (607 chars) | Time: 3.69s | Tokens: Prompt=1088, Output=303, Total=1391
[2026-08-21 21:46:56] Translating ch12_the_mirror_of_erised/sec09.md via Router...
[2026-08-21 21:47:07] Successfully translated ch12_the_mirror_of_erised/sec09.md (2901 chars) | Time: 11.24s | Tokens: Prompt=1243, Output=1450, Total=2693
[2026-08-21 21:47:07] Translating ch12_the_mirror_of_erised/sec10.md via Router...
[2026-08-21 21:47:22] Successfully translated ch12_the_mirror_of_erised/sec10.md (3765 chars) | Time: 14.88s | Tokens: Prompt=1378, Output=1882, Total=3260
[2026-08-21 21:47:22] Starting ch13_nicholas_flamel with 6 pages/sections...
[2026-08-21 21:47:22] Translating ch13_nicholas_flamel/sec01.md via Router...
[2026-08-21 21:47:30] Successfully translated ch13_nicholas_flamel/sec01.md (2627 chars) | Time: 7.94s | Tokens: Prompt=1069, Output=1313, Total=2382
[2026-08-21 21:47:30] Translating ch13_nicholas_flamel/sec02.md via Router...
[2026-08-21 21:47:34] Successfully translated ch13_nicholas_flamel/sec02.md (705 chars) | Time: 4.73s | Tokens: Prompt=1479, Output=352, Total=1831
[2026-08-21 21:47:34] Translating ch13_nicholas_flamel/sec03.md via Router...
[2026-08-21 21:47:40] Successfully translated ch13_nicholas_flamel/sec03.md (840 chars) | Time: 5.75s | Tokens: Prompt=1065, Output=420, Total=1485
[2026-08-21 21:47:40] Translating ch13_nicholas_flamel/sec04.md via Router...
[2026-08-21 21:47:52] Successfully translated ch13_nicholas_flamel/sec04.md (2397 chars) | Time: 11.99s | Tokens: Prompt=1018, Output=1198, Total=2216
[2026-08-21 21:47:52] Translating ch13_nicholas_flamel/sec05.md via Router...
[2026-08-21 21:47:58] Successfully translated ch13_nicholas_flamel/sec05.md (752 chars) | Time: 5.5s | Tokens: Prompt=1665, Output=376, Total=2041
[2026-08-21 21:47:58] Translating ch13_nicholas_flamel/sec06.md via Router...
[2026-08-21 21:48:05] Successfully translated ch13_nicholas_flamel/sec06.md (2325 chars) | Time: 7.41s | Tokens: Prompt=1051, Output=1162, Total=2213
[2026-08-21 21:48:05] Starting ch14_norbert_the_norwegian_ridgeback with 6 pages/sections...
[2026-08-21 21:48:05] Translating ch14_norbert_the_norwegian_ridgeback/sec01.md via Router...
[2026-08-21 21:48:14] Successfully translated ch14_norbert_the_norwegian_ridgeback/sec01.md (1315 chars) | Time: 8.92s | Tokens: Prompt=1062, Output=657, Total=1719
[2026-08-21 21:48:14] Translating ch14_norbert_the_norwegian_ridgeback/sec02.md via Router...
[2026-08-21 21:48:21] Successfully translated ch14_norbert_the_norwegian_ridgeback/sec02.md (1113 chars) | Time: 6.66s | Tokens: Prompt=1609, Output=556, Total=2165
[2026-08-21 21:48:21] Translating ch14_norbert_the_norwegian_ridgeback/sec03.md via Router...
[2026-08-21 21:48:25] Successfully translated ch14_norbert_the_norwegian_ridgeback/sec03.md (709 chars) | Time: 4.5s | Tokens: Prompt=1007, Output=354, Total=1361
[2026-08-21 21:48:25] Translating ch14_norbert_the_norwegian_ridgeback/sec04.md via Router...
[2026-08-21 21:48:31] Successfully translated ch14_norbert_the_norwegian_ridgeback/sec04.md (741 chars) | Time: 6.03s | Tokens: Prompt=1538, Output=370, Total=1908
[2026-08-21 21:48:31] Translating ch14_norbert_the_norwegian_ridgeback/sec05.md via Router...
[2026-08-21 21:49:01] Successfully translated ch14_norbert_the_norwegian_ridgeback/sec05.md (4611 chars) | Time: 29.27s | Tokens: Prompt=1618, Output=2305, Total=3923
[2026-08-21 21:49:01] Translating ch14_norbert_the_norwegian_ridgeback/sec06.md via Router...
[2026-08-21 21:49:09] Successfully translated ch14_norbert_the_norwegian_ridgeback/sec06.md (1854 chars) | Time: 7.94s | Tokens: Prompt=877, Output=927, Total=1804
[2026-08-21 21:49:09] Starting ch15_the_forbidden_forest with 9 pages/sections...
[2026-08-21 21:49:09] Translating ch15_the_forbidden_forest/sec01.md via Router...
[2026-08-21 21:49:18] Successfully translated ch15_the_forbidden_forest/sec01.md (2763 chars) | Time: 9.08s | Tokens: Prompt=1114, Output=1381, Total=2495
[2026-08-21 21:49:18] Translating ch15_the_forbidden_forest/sec02.md via Router...
[2026-08-21 21:49:23] Successfully translated ch15_the_forbidden_forest/sec02.md (867 chars) | Time: 4.96s | Tokens: Prompt=1642, Output=433, Total=2075
[2026-08-21 21:49:23] Translating ch15_the_forbidden_forest/sec03.md via Router...
[2026-08-21 21:49:28] Successfully translated ch15_the_forbidden_forest/sec03.md (743 chars) | Time: 5.68s | Tokens: Prompt=1641, Output=371, Total=2012
[2026-08-21 21:49:28] Translating ch15_the_forbidden_forest/sec04.md via Router...
[2026-08-21 21:49:41] Successfully translated ch15_the_forbidden_forest/sec04.md (2612 chars) | Time: 12.71s | Tokens: Prompt=1088, Output=1306, Total=2394
[2026-08-21 21:49:41] Translating ch15_the_forbidden_forest/sec05.md via Router...
[2026-08-21 21:49:56] Successfully translated ch15_the_forbidden_forest/sec05.md (3831 chars) | Time: 14.65s | Tokens: Prompt=1448, Output=1915, Total=3363
[2026-08-21 21:49:56] Translating ch15_the_forbidden_forest/sec06.md via Router...
[2026-08-21 21:50:03] Successfully translated ch15_the_forbidden_forest/sec06.md (2491 chars) | Time: 7.55s | Tokens: Prompt=1048, Output=1245, Total=2293
[2026-08-21 21:50:03] Translating ch15_the_forbidden_forest/sec07.md via Router...
[2026-08-21 21:50:13] Successfully translated ch15_the_forbidden_forest/sec07.md (2510 chars) | Time: 9.9s | Tokens: Prompt=1065, Output=1255, Total=2320
[2026-08-21 21:50:13] Translating ch15_the_forbidden_forest/sec08.md via Router...
[2026-08-21 21:50:17] Successfully translated ch15_the_forbidden_forest/sec08.md (797 chars) | Time: 3.84s | Tokens: Prompt=1027, Output=398, Total=1425
[2026-08-21 21:50:17] Translating ch15_the_forbidden_forest/sec09.md via Router...
[2026-08-21 21:50:32] Successfully translated ch15_the_forbidden_forest/sec09.md (3658 chars) | Time: 14.95s | Tokens: Prompt=1348, Output=1829, Total=3177
[2026-08-21 21:50:32] Starting ch16_through_the_trapdoor with 11 pages/sections...
[2026-08-21 21:50:32] Translating ch16_through_the_trapdoor/sec01.md via Router...
[2026-08-21 21:50:39] Successfully translated ch16_through_the_trapdoor/sec01.md (937 chars) | Time: 6.88s | Tokens: Prompt=1152, Output=468, Total=1620
[2026-08-21 21:50:39] Translating ch16_through_the_trapdoor/sec02.md via Router...
[2026-08-21 21:50:49] Successfully translated ch16_through_the_trapdoor/sec02.md (4448 chars) | Time: 10.43s | Tokens: Prompt=1604, Output=2224, Total=3828
[2026-08-21 21:50:49] Translating ch16_through_the_trapdoor/sec03.md via Router...
[2026-08-21 21:50:56] Successfully translated ch16_through_the_trapdoor/sec03.md (643 chars) | Time: 6.29s | Tokens: Prompt=1343, Output=321, Total=1664
[2026-08-21 21:50:56] Translating ch16_through_the_trapdoor/sec04.md via Router...
[2026-08-21 21:51:07] Successfully translated ch16_through_the_trapdoor/sec04.md (2262 chars) | Time: 11.27s | Tokens: Prompt=1011, Output=1131, Total=2142
[2026-08-21 21:51:07] Translating ch16_through_the_trapdoor/sec05.md via Router...
[2026-08-21 21:51:21] Successfully translated ch16_through_the_trapdoor/sec05.md (3491 chars) | Time: 14.17s | Tokens: Prompt=1404, Output=1745, Total=3149
[2026-08-21 21:51:21] Translating ch16_through_the_trapdoor/sec06.md via Router...
[2026-08-21 21:51:28] Successfully translated ch16_through_the_trapdoor/sec06.md (985 chars) | Time: 7.51s | Tokens: Prompt=1468, Output=492, Total=1960
[2026-08-21 21:51:28] Translating ch16_through_the_trapdoor/sec07.md via Router...
[2026-08-21 21:51:35] Successfully translated ch16_through_the_trapdoor/sec07.md (790 chars) | Time: 6.64s | Tokens: Prompt=1530, Output=395, Total=1925
[2026-08-21 21:51:35] Translating ch16_through_the_trapdoor/sec08.md via Router...
[2026-08-21 21:51:47] Successfully translated ch16_through_the_trapdoor/sec08.md (4154 chars) | Time: 12.19s | Tokens: Prompt=1547, Output=2077, Total=3624
[2026-08-21 21:51:47] Translating ch16_through_the_trapdoor/sec09.md via Router...
[2026-08-21 21:51:56] Successfully translated ch16_through_the_trapdoor/sec09.md (678 chars) | Time: 8.77s | Tokens: Prompt=1406, Output=339, Total=1745
[2026-08-21 21:51:56] Translating ch16_through_the_trapdoor/sec10.md via Router...
[2026-08-21 21:52:12] Successfully translated ch16_through_the_trapdoor/sec10.md (2654 chars) | Time: 15.78s | Tokens: Prompt=1263, Output=1327, Total=2590
[2026-08-21 21:52:12] Translating ch16_through_the_trapdoor/sec11.md via Router...
[2026-08-21 21:52:20] Successfully translated ch16_through_the_trapdoor/sec11.md (670 chars) | Time: 7.67s | Tokens: Prompt=620, Output=335, Total=955
[2026-08-21 21:52:20] Starting ch17_the_man_with_two_faces with 9 pages/sections...
[2026-08-21 21:52:20] Translating ch17_the_man_with_two_faces/sec01.md via Router...
[2026-08-21 21:52:35] Successfully translated ch17_the_man_with_two_faces/sec01.md (4146 chars) | Time: 15.65s | Tokens: Prompt=1492, Output=2073, Total=3565
[2026-08-21 21:52:35] Translating ch17_the_man_with_two_faces/sec02.md via Router...
[2026-08-21 21:52:41] Successfully translated ch17_the_man_with_two_faces/sec02.md (867 chars) | Time: 6.25s | Tokens: Prompt=1459, Output=433, Total=1892
[2026-08-21 21:52:41] Translating ch17_the_man_with_two_faces/sec03.md via Router...
[2026-08-21 21:52:48] Successfully translated ch17_the_man_with_two_faces/sec03.md (918 chars) | Time: 6.7s | Tokens: Prompt=1026, Output=459, Total=1485
[2026-08-21 21:52:48] Translating ch17_the_man_with_two_faces/sec04.md via Router...
[2026-08-21 21:52:53] Successfully translated ch17_the_man_with_two_faces/sec04.md (1395 chars) | Time: 4.56s | Tokens: Prompt=1502, Output=697, Total=2199
[2026-08-21 21:52:53] Translating ch17_the_man_with_two_faces/sec05.md via Router...
[2026-08-21 21:53:02] Successfully translated ch17_the_man_with_two_faces/sec05.md (2719 chars) | Time: 9.65s | Tokens: Prompt=1077, Output=1359, Total=2436
[2026-08-21 21:53:02] Translating ch17_the_man_with_two_faces/sec06.md via Router...
[2026-08-21 21:53:08] Successfully translated ch17_the_man_with_two_faces/sec06.md (791 chars) | Time: 5.84s | Tokens: Prompt=1458, Output=395, Total=1853
[2026-08-21 21:53:08] Translating ch17_the_man_with_two_faces/sec07.md via Router...
[2026-08-21 21:53:23] Successfully translated ch17_the_man_with_two_faces/sec07.md (4630 chars) | Time: 15.19s | Tokens: Prompt=1613, Output=2315, Total=3928
[2026-08-21 21:53:23] Translating ch17_the_man_with_two_faces/sec08.md via Router...
[2026-08-21 21:53:30] Successfully translated ch17_the_man_with_two_faces/sec08.md (749 chars) | Time: 6.46s | Tokens: Prompt=1132, Output=374, Total=1506
[2026-08-21 21:53:30] Translating ch17_the_man_with_two_faces/sec09.md via Router...
[2026-08-21 21:53:41] Successfully translated ch17_the_man_with_two_faces/sec09.md (3174 chars) | Time: 11.39s | Tokens: Prompt=1265, Output=1587, Total=2852
[2026-08-21 21:53:41] === Full Book Translation via Router Completed ===
