[2026-08-21 22:04:16] === Starting Translation for: هری پاتر و حفره اسرار (19 chapters) ===
[2026-08-21 22:04:16] Processing ch01 with 7 pages...
[2026-08-21 22:04:26] ✓ ch01/sec001.md (1555 chars) | Time: 9.6s | Tokens: Prompt=872, Output=777, Total=1649
[2026-08-21 22:04:36] ✓ ch01/sec002.md (2313 chars) | Time: 10.1s | Tokens: Prompt=1079, Output=1156, Total=2235
[2026-08-21 22:04:43] ✓ ch01/sec003.md (2986 chars) | Time: 7.85s | Tokens: Prompt=1229, Output=1493, Total=2722
[2026-08-21 22:04:51] ✓ ch01/sec004.md (1818 chars) | Time: 7.72s | Tokens: Prompt=949, Output=909, Total=1858
[2026-08-21 22:04:59] ✓ ch01/sec005.md (522 chars) | Time: 7.35s | Tokens: Prompt=1218, Output=261, Total=1479
[2026-08-21 22:05:11] ✓ ch01/sec006.md (2131 chars) | Time: 12.89s | Tokens: Prompt=1039, Output=1065, Total=2104
[2026-08-21 22:05:18] ✓ ch01/sec007.md (1792 chars) | Time: 6.6s | Tokens: Prompt=944, Output=896, Total=1840
[2026-08-21 22:05:18] Processing ch02 with 8 pages...
[2026-08-21 22:05:25] ✓ ch02/sec001.md (1933 chars) | Time: 7.15s | Tokens: Prompt=982, Output=966, Total=1948
[2026-08-21 22:05:36] ✓ ch02/sec002.md (2098 chars) | Time: 11.21s | Tokens: Prompt=1008, Output=1049, Total=2057
[2026-08-21 22:05:46] ✓ ch02/sec003.md (2123 chars) | Time: 9.78s | Tokens: Prompt=1033, Output=1061, Total=2094
[2026-08-21 22:05:54] ✓ ch02/sec004.md (2320 chars) | Time: 7.59s | Tokens: Prompt=1080, Output=1160, Total=2240
[2026-08-21 22:06:02] ✓ ch02/sec005.md (2043 chars) | Time: 7.83s | Tokens: Prompt=990, Output=1021, Total=2011
[2026-08-21 22:06:10] ✓ ch02/sec006.md (2405 chars) | Time: 8.45s | Tokens: Prompt=1089, Output=1202, Total=2291
[2026-08-21 22:06:18] ✓ ch02/sec007.md (1889 chars) | Time: 8.3s | Tokens: Prompt=988, Output=944, Total=1932
[2026-08-21 22:06:28] ✓ ch02/sec008.md (2391 chars) | Time: 9.76s | Tokens: Prompt=1115, Output=1195, Total=2310
[2026-08-21 22:06:28] Processing ch03 with 12 pages...
[2026-08-21 22:06:39] ✓ ch03/sec001.md (1813 chars) | Time: 11.29s | Tokens: Prompt=972, Output=906, Total=1878
[2026-08-21 22:06:48] ✓ ch03/sec002.md (2108 chars) | Time: 8.15s | Tokens: Prompt=1040, Output=1054, Total=2094
[2026-08-21 22:06:56] ✓ ch03/sec003.md (1992 chars) | Time: 7.9s | Tokens: Prompt=1032, Output=996, Total=2028
[2026-08-21 22:07:05] ✓ ch03/sec004.md (2254 chars) | Time: 9.24s | Tokens: Prompt=1079, Output=1127, Total=2206
[2026-08-21 22:07:15] ✓ ch03/sec005.md (2044 chars) | Time: 10.41s | Tokens: Prompt=1050, Output=1022, Total=2072
[2026-08-21 22:07:25] ✓ ch03/sec006.md (2172 chars) | Time: 9.68s | Tokens: Prompt=1033, Output=1086, Total=2119
[2026-08-21 22:07:34] ✓ ch03/sec007.md (2385 chars) | Time: 9.44s | Tokens: Prompt=1101, Output=1192, Total=2293
[2026-08-21 22:07:43] ✓ ch03/sec008.md (2178 chars) | Time: 9.08s | Tokens: Prompt=1048, Output=1089, Total=2137
[2026-08-21 22:07:50] ✓ ch03/sec009.md (2609 chars) | Time: 6.61s | Tokens: Prompt=1145, Output=1304, Total=2449
[2026-08-21 22:07:55] ✓ ch03/sec010.md (481 chars) | Time: 5.02s | Tokens: Prompt=1066, Output=240, Total=1306
[2026-08-21 22:08:04] ✓ ch03/sec011.md (2315 chars) | Time: 8.95s | Tokens: Prompt=1070, Output=1157, Total=2227
[2026-08-21 22:08:13] ✓ ch03/sec012.md (1747 chars) | Time: 8.8s | Tokens: Prompt=938, Output=873, Total=1811
[2026-08-21 22:08:13] Processing ch04 with 15 pages...
[2026-08-21 22:08:17] ✓ ch04/sec001.md (600 chars) | Time: 4.7s | Tokens: Prompt=1135, Output=300, Total=1435
[2026-08-21 22:08:24] ✓ ch04/sec002.md (2007 chars) | Time: 6.38s | Tokens: Prompt=1020, Output=1003, Total=2023
[2026-08-21 22:08:36] ✓ ch04/sec003.md (2915 chars) | Time: 12.23s | Tokens: Prompt=1222, Output=1457, Total=2679
[2026-08-21 22:08:45] ✓ ch04/sec004.md (1856 chars) | Time: 9.05s | Tokens: Prompt=987, Output=928, Total=1915
[2026-08-21 22:08:56] ✓ ch04/sec005.md (2845 chars) | Time: 11.28s | Tokens: Prompt=1202, Output=1422, Total=2624
[2026-08-21 22:09:06] ✓ ch04/sec006.md (2448 chars) | Time: 9.21s | Tokens: Prompt=1117, Output=1224, Total=2341
[2026-08-21 22:09:13] ✓ ch04/sec007.md (2192 chars) | Time: 7.81s | Tokens: Prompt=1058, Output=1096, Total=2154
[2026-08-21 22:09:24] ✓ ch04/sec008.md (2767 chars) | Time: 10.25s | Tokens: Prompt=1170, Output=1383, Total=2553
[2026-08-21 22:09:30] ✓ ch04/sec009.md (1902 chars) | Time: 6.69s | Tokens: Prompt=958, Output=951, Total=1909
[2026-08-21 22:09:41] ✓ ch04/sec010.md (2816 chars) | Time: 10.16s | Tokens: Prompt=1164, Output=1408, Total=2572
[2026-08-21 22:09:50] ✓ ch04/sec011.md (2355 chars) | Time: 9.0s | Tokens: Prompt=1081, Output=1177, Total=2258
[2026-08-21 22:09:58] ✓ ch04/sec012.md (3041 chars) | Time: 8.66s | Tokens: Prompt=1208, Output=1520, Total=2728
[2026-08-21 22:10:08] ✓ ch04/sec013.md (2373 chars) | Time: 9.88s | Tokens: Prompt=1062, Output=1186, Total=2248
[2026-08-21 22:10:20] ✓ ch04/sec014.md (2753 chars) | Time: 11.75s | Tokens: Prompt=1156, Output=1376, Total=2532
[2026-08-21 22:10:22] ✓ ch04/sec015.md (141 chars) | Time: 2.44s | Tokens: Prompt=529, Output=70, Total=599
[2026-08-21 22:10:22] Processing ch05 with 14 pages...
[2026-08-21 22:10:34] ✓ ch05/sec001.md (2791 chars) | Time: 11.22s | Tokens: Prompt=1164, Output=1395, Total=2559
[2026-08-21 22:10:43] ✓ ch05/sec002.md (2341 chars) | Time: 9.27s | Tokens: Prompt=1088, Output=1170, Total=2258
[2026-08-21 22:10:49] ✓ ch05/sec003.md (1689 chars) | Time: 5.91s | Tokens: Prompt=962, Output=844, Total=1806
[2026-08-21 22:10:55] ✓ ch05/sec004.md (2084 chars) | Time: 6.77s | Tokens: Prompt=1019, Output=1042, Total=2061
[2026-08-21 22:11:05] ✓ ch05/sec005.md (2553 chars) | Time: 9.31s | Tokens: Prompt=1149, Output=1276, Total=2425
[2026-08-21 22:11:13] ✓ ch05/sec006.md (2085 chars) | Time: 8.33s | Tokens: Prompt=1009, Output=1042, Total=2051
[2026-08-21 22:11:23] ✓ ch05/sec007.md (2371 chars) | Time: 9.44s | Tokens: Prompt=1080, Output=1185, Total=2265
[2026-08-21 22:11:33] ✓ ch05/sec008.md (2901 chars) | Time: 10.09s | Tokens: Prompt=1192, Output=1450, Total=2642
[2026-08-21 22:11:41] ✓ ch05/sec009.md (2316 chars) | Time: 8.77s | Tokens: Prompt=1125, Output=1158, Total=2283
[2026-08-21 22:11:51] ✓ ch05/sec010.md (2805 chars) | Time: 9.2s | Tokens: Prompt=1182, Output=1402, Total=2584
[2026-08-21 22:12:02] ✓ ch05/sec011.md (2552 chars) | Time: 6.46s | Tokens: Prompt=1141, Output=1276, Total=2417
[2026-08-21 22:12:12] ✓ ch05/sec012.md (2294 chars) | Time: 10.06s | Tokens: Prompt=1087, Output=1147, Total=2234
[2026-08-21 22:12:21] ✓ ch05/sec013.md (2398 chars) | Time: 8.82s | Tokens: Prompt=1115, Output=1199, Total=2314
[2026-08-21 22:12:27] ✓ ch05/sec014.md (1107 chars) | Time: 6.11s | Tokens: Prompt=735, Output=553, Total=1288
[2026-08-21 22:12:27] Processing ch06 with 9 pages...
[2026-08-21 22:12:33] ✓ ch06/sec001.md (2183 chars) | Time: 6.18s | Tokens: Prompt=1061, Output=1091, Total=2152
[2026-08-21 22:12:42] ✓ ch06/sec002.md (2415 chars) | Time: 8.93s | Tokens: Prompt=1119, Output=1207, Total=2326
[2026-08-21 22:12:53] ✓ ch06/sec003.md (2825 chars) | Time: 10.8s | Tokens: Prompt=1173, Output=1412, Total=2585
[2026-08-21 22:13:05] ✓ ch06/sec004.md (2641 chars) | Time: 11.62s | Tokens: Prompt=1187, Output=1320, Total=2507
[2026-08-21 22:13:14] ✓ ch06/sec005.md (2335 chars) | Time: 9.7s | Tokens: Prompt=1122, Output=1167, Total=2289
[2026-08-21 22:13:24] ✓ ch06/sec006.md (2837 chars) | Time: 9.79s | Tokens: Prompt=1180, Output=1418, Total=2598
[2026-08-21 22:13:35] ✓ ch06/sec007.md (2573 chars) | Time: 11.0s | Tokens: Prompt=1182, Output=1286, Total=2468
[2026-08-21 22:13:45] ✓ ch06/sec008.md (2321 chars) | Time: 9.34s | Tokens: Prompt=1079, Output=1160, Total=2239
[2026-08-21 22:13:52] ✓ ch06/sec009.md (2227 chars) | Time: 7.6s | Tokens: Prompt=1081, Output=1113, Total=2194
[2026-08-21 22:13:52] Processing ch07 with 2 pages...
[2026-08-21 22:14:04] ✓ ch07/sec001.md (2472 chars) | Time: 11.45s | Tokens: Prompt=1095, Output=1236, Total=2331
[2026-08-21 22:17:15] ✓ ch07/sec002.md (968 chars) | Time: 5.04s | Tokens: Prompt=1031, Output=484, Total=1515
[2026-08-21 22:17:15] Processing ch08 with 12 pages...
[2026-08-21 22:17:26] ✓ ch08/sec001.md (2548 chars) | Time: 11.66s | Tokens: Prompt=1126, Output=1274, Total=2400
[2026-08-21 22:17:33] ✓ ch08/sec002.md (823 chars) | Time: 6.68s | Tokens: Prompt=1094, Output=411, Total=1505
[2026-08-21 22:17:42] ✓ ch08/sec003.md (2629 chars) | Time: 8.59s | Tokens: Prompt=1170, Output=1314, Total=2484
[2026-08-21 22:17:49] ✓ ch08/sec004.md (1955 chars) | Time: 6.94s | Tokens: Prompt=1014, Output=977, Total=1991
[2026-08-21 22:17:59] ✓ ch08/sec005.md (2408 chars) | Time: 10.05s | Tokens: Prompt=1097, Output=1204, Total=2301
[2026-08-21 22:18:09] ✓ ch08/sec006.md (2473 chars) | Time: 10.73s | Tokens: Prompt=1087, Output=1236, Total=2323
[2026-08-21 22:18:18] ✓ ch08/sec007.md (2348 chars) | Time: 8.3s | Tokens: Prompt=1061, Output=1174, Total=2235
[2026-08-21 22:18:29] ✓ ch08/sec008.md (2669 chars) | Time: 11.02s | Tokens: Prompt=1177, Output=1334, Total=2511
[2026-08-21 22:18:41] ✓ ch08/sec009.md (2242 chars) | Time: 11.8s | Tokens: Prompt=1067, Output=1121, Total=2188
[2026-08-21 22:18:52] ✓ ch08/sec010.md (2590 chars) | Time: 11.56s | Tokens: Prompt=1118, Output=1295, Total=2413
[2026-08-21 22:18:58] ✓ ch08/sec011.md (2084 chars) | Time: 6.02s | Tokens: Prompt=1042, Output=1042, Total=2084
[2026-08-21 22:19:05] ✓ ch08/sec012.md (1350 chars) | Time: 7.03s | Tokens: Prompt=844, Output=675, Total=1519
[2026-08-21 22:19:05] Processing ch09 with 12 pages...
[2026-08-21 22:19:16] ✓ ch09/sec001.md (2718 chars) | Time: 11.21s | Tokens: Prompt=1156, Output=1359, Total=2515
[2026-08-21 22:19:25] ✓ ch09/sec002.md (2867 chars) | Time: 8.33s | Tokens: Prompt=1219, Output=1433, Total=2652
[2026-08-21 22:19:34] ✓ ch09/sec003.md (2431 chars) | Time: 9.04s | Tokens: Prompt=1089, Output=1215, Total=2304
[2026-08-21 22:19:45] ✓ ch09/sec004.md (2015 chars) | Time: 11.37s | Tokens: Prompt=998, Output=1007, Total=2005
[2026-08-21 22:19:53] ✓ ch09/sec005.md (2265 chars) | Time: 8.29s | Tokens: Prompt=1044, Output=1132, Total=2176
[2026-08-21 22:20:04] ✓ ch09/sec006.md (2716 chars) | Time: 10.45s | Tokens: Prompt=1158, Output=1358, Total=2516
[2026-08-21 22:20:12] ✓ ch09/sec007.md (2568 chars) | Time: 8.29s | Tokens: Prompt=1172, Output=1284, Total=2456
[2026-08-21 22:20:21] ✓ ch09/sec008.md (1858 chars) | Time: 8.67s | Tokens: Prompt=948, Output=929, Total=1877
[2026-08-21 22:20:29] ✓ ch09/sec009.md (2068 chars) | Time: 7.92s | Tokens: Prompt=990, Output=1034, Total=2024
[2026-08-21 22:20:38] ✓ ch09/sec010.md (2053 chars) | Time: 9.25s | Tokens: Prompt=1024, Output=1026, Total=2050
[2026-08-21 22:20:47] ✓ ch09/sec011.md (1800 chars) | Time: 9.25s | Tokens: Prompt=967, Output=900, Total=1867
[2026-08-21 22:20:57] ✓ ch09/sec012.md (1871 chars) | Time: 9.24s | Tokens: Prompt=979, Output=935, Total=1914
[2026-08-21 22:20:57] Processing ch10 with 14 pages...
[2026-08-21 22:21:09] ✓ ch10/sec001.md (2361 chars) | Time: 12.88s | Tokens: Prompt=1052, Output=1180, Total=2232
[2026-08-21 22:21:19] ✓ ch10/sec002.md (2397 chars) | Time: 9.11s | Tokens: Prompt=1055, Output=1198, Total=2253
[2026-08-21 22:21:27] ✓ ch10/sec003.md (2148 chars) | Time: 8.45s | Tokens: Prompt=1065, Output=1074, Total=2139
[2026-08-21 22:21:33] ✓ ch10/sec004.md (1926 chars) | Time: 5.64s | Tokens: Prompt=998, Output=963, Total=1961
[2026-08-21 22:21:42] ✓ ch10/sec005.md (2808 chars) | Time: 9.68s | Tokens: Prompt=1198, Output=1404, Total=2602
[2026-08-21 22:21:50] ✓ ch10/sec006.md (2170 chars) | Time: 7.68s | Tokens: Prompt=1070, Output=1085, Total=2155
[2026-08-21 22:22:05] ✓ ch10/sec007.md (2533 chars) | Time: 14.7s | Tokens: Prompt=1133, Output=1266, Total=2399
[2026-08-21 22:22:14] ✓ ch10/sec008.md (2624 chars) | Time: 9.58s | Tokens: Prompt=1140, Output=1312, Total=2452
[2026-08-21 22:22:24] ✓ ch10/sec009.md (2086 chars) | Time: 9.69s | Tokens: Prompt=1062, Output=1043, Total=2105
[2026-08-21 22:22:36] ✓ ch10/sec010.md (401 chars) | Time: 11.66s | Tokens: Prompt=1045, Output=200, Total=1245
[2026-08-21 22:22:43] ✓ ch10/sec011.md (1931 chars) | Time: 7.79s | Tokens: Prompt=1021, Output=965, Total=1986
[2026-08-21 22:22:50] ✓ ch10/sec012.md (846 chars) | Time: 7.0s | Tokens: Prompt=1049, Output=423, Total=1472
[2026-08-21 22:23:00] ✓ ch10/sec013.md (2284 chars) | Time: 9.89s | Tokens: Prompt=1044, Output=1142, Total=2186
[2026-08-21 22:23:06] ✓ ch10/sec014.md (1441 chars) | Time: 6.01s | Tokens: Prompt=871, Output=720, Total=1591
[2026-08-21 22:23:06] Processing ch11 with 13 pages...
[2026-08-21 22:24:53] ✗ Failed ch11/sec001.md, will retry next pass.
[2026-08-21 22:25:09] ✗ Failed ch11/sec002.md, will retry next pass.
[2026-08-21 22:25:23] ✗ Failed ch11/sec003.md, will retry next pass.
[2026-08-21 22:25:37] ✗ Failed ch11/sec004.md, will retry next pass.
[2026-08-21 22:25:51] ✗ Failed ch11/sec005.md, will retry next pass.
[2026-08-21 22:26:05] ✗ Failed ch11/sec006.md, will retry next pass.
[2026-08-21 22:26:19] ✗ Failed ch11/sec007.md, will retry next pass.
[2026-08-21 22:26:33] ✗ Failed ch11/sec008.md, will retry next pass.
[2026-08-21 22:26:47] ✗ Failed ch11/sec009.md, will retry next pass.
[2026-08-21 22:27:15] ✓ ch11/sec010.md (2105 chars) | Time: 26.35s | Tokens: Prompt=1039, Output=1052, Total=2091
[2026-08-21 22:27:23] ✓ ch11/sec011.md (660 chars) | Time: 7.47s | Tokens: Prompt=1192, Output=330, Total=1522
[2026-08-21 22:27:50] === Starting Translation for: هری پاتر و حفره اسرار (19 chapters) ===
[2026-08-21 22:27:50] Processing ch01 with 7 pages...
[2026-08-21 22:27:50] Processing ch02 with 8 pages...
[2026-08-21 22:27:50] Processing ch03 with 12 pages...
[2026-08-21 22:27:50] Processing ch04 with 15 pages...
[2026-08-21 22:27:50] Processing ch05 with 14 pages...
[2026-08-21 22:27:50] Processing ch06 with 9 pages...
[2026-08-21 22:27:50] Processing ch07 with 2 pages...
[2026-08-21 22:27:50] Processing ch08 with 12 pages...
[2026-08-21 22:27:50] Processing ch09 with 12 pages...
[2026-08-21 22:27:50] Processing ch10 with 14 pages...
[2026-08-21 22:27:50] Processing ch11 with 13 pages...
[2026-08-21 22:28:01] ✓ ch11/sec001.md (2438 chars) | Time: 11.48s | Tokens: Prompt=1106, Output=1219, Total=2325
[2026-08-21 22:28:19] ✓ ch11/sec002.md (2523 chars) | Time: 17.67s | Tokens: Prompt=1149, Output=1261, Total=2410
[2026-08-21 22:28:26] ✓ ch11/sec003.md (2670 chars) | Time: 7.64s | Tokens: Prompt=1189, Output=1335, Total=2524
[2026-08-21 22:28:40] ✓ ch11/sec004.md (2926 chars) | Time: 13.43s | Tokens: Prompt=1193, Output=1463, Total=2656
[2026-08-21 22:28:47] ✓ ch11/sec005.md (595 chars) | Time: 6.75s | Tokens: Prompt=1178, Output=297, Total=1475
[2026-08-21 22:28:57] ✓ ch11/sec006.md (2503 chars) | Time: 10.22s | Tokens: Prompt=1129, Output=1251, Total=2380
[2026-08-21 22:29:10] ✓ ch11/sec007.md (2598 chars) | Time: 12.68s | Tokens: Prompt=1098, Output=1299, Total=2397
[2026-08-21 22:29:18] ✓ ch11/sec008.md (2386 chars) | Time: 8.59s | Tokens: Prompt=1091, Output=1193, Total=2284
[2026-08-21 22:29:23] ✓ ch11/sec009.md (510 chars) | Time: 4.4s | Tokens: Prompt=1178, Output=255, Total=1433
[2026-08-21 22:29:31] ✓ ch11/sec012.md (682 chars) | Time: 8.16s | Tokens: Prompt=1102, Output=341, Total=1443
[2026-08-21 22:29:37] ✓ ch11/sec013.md (744 chars) | Time: 6.68s | Tokens: Prompt=693, Output=372, Total=1065
[2026-08-21 22:29:37] Processing ch12 with 15 pages...
[2026-08-21 22:29:47] ✓ ch12/sec001.md (2322 chars) | Time: 9.79s | Tokens: Prompt=1097, Output=1161, Total=2258
[2026-08-21 22:29:59] ✓ ch12/sec002.md (2812 chars) | Time: 11.8s | Tokens: Prompt=1213, Output=1406, Total=2619
[2026-08-21 22:40:31] ✓ ch12/sec003.md (358 chars) | Time: 75.92s | Tokens: Prompt=1254, Output=179, Total=1433
[2026-08-22 03:21:48] ✓ ch12/sec004.md (2558 chars) | Time: 10.16s | Tokens: Prompt=1131, Output=1279, Total=2410
[2026-08-22 03:21:58] ✓ ch12/sec005.md (2435 chars) | Time: 9.8s | Tokens: Prompt=1123, Output=1217, Total=2340
[2026-08-22 03:22:04] ✓ ch12/sec006.md (2630 chars) | Time: 6.44s | Tokens: Prompt=1140, Output=1315, Total=2455
[2026-08-22 03:22:14] ✓ ch12/sec007.md (2657 chars) | Time: 10.23s | Tokens: Prompt=1149, Output=1328, Total=2477
[2026-08-22 03:22:26] ✓ ch12/sec008.md (2525 chars) | Time: 11.71s | Tokens: Prompt=1150, Output=1262, Total=2412
[2026-08-22 03:22:33] ✓ ch12/sec009.md (1839 chars) | Time: 6.82s | Tokens: Prompt=995, Output=919, Total=1914
[2026-08-22 03:22:41] ✓ ch12/sec010.md (2563 chars) | Time: 7.83s | Tokens: Prompt=1131, Output=1281, Total=2412
[2026-08-22 03:22:51] ✓ ch12/sec011.md (2618 chars) | Time: 10.58s | Tokens: Prompt=1216, Output=1309, Total=2525
[2026-08-22 03:22:58] ✓ ch12/sec012.md (1924 chars) | Time: 7.01s | Tokens: Prompt=1043, Output=962, Total=2005
[2026-08-22 03:23:06] ✓ ch12/sec013.md (2322 chars) | Time: 8.2s | Tokens: Prompt=1095, Output=1161, Total=2256
[2026-08-22 03:23:20] ✓ ch12/sec014.md (2861 chars) | Time: 13.3s | Tokens: Prompt=1172, Output=1430, Total=2602
[2026-08-22 03:23:23] ✓ ch12/sec015.md (421 chars) | Time: 2.93s | Tokens: Prompt=586, Output=210, Total=796
[2026-08-22 03:23:23] Processing ch13 with 15 pages...
[2026-08-22 03:23:32] ✓ ch13/sec001.md (2728 chars) | Time: 9.49s | Tokens: Prompt=1158, Output=1364, Total=2522
[2026-08-22 03:23:40] ✓ ch13/sec002.md (2313 chars) | Time: 8.0s | Tokens: Prompt=1087, Output=1156, Total=2243
[2026-08-22 03:23:46] ✓ ch13/sec003.md (666 chars) | Time: 5.35s | Tokens: Prompt=1066, Output=333, Total=1399
[2026-08-22 03:23:54] ✓ ch13/sec004.md (2612 chars) | Time: 8.69s | Tokens: Prompt=1119, Output=1306, Total=2425
[2026-08-22 03:24:01] ✓ ch13/sec005.md (2899 chars) | Time: 6.53s | Tokens: Prompt=1219, Output=1449, Total=2668
[2026-08-22 03:24:09] ✓ ch13/sec006.md (2372 chars) | Time: 8.02s | Tokens: Prompt=1141, Output=1186, Total=2327
[2026-08-22 03:24:18] ✓ ch13/sec007.md (2194 chars) | Time: 9.53s | Tokens: Prompt=1047, Output=1097, Total=2144
[2026-08-22 03:24:30] ✓ ch13/sec008.md (2708 chars) | Time: 11.76s | Tokens: Prompt=1160, Output=1354, Total=2514
[2026-08-22 03:24:36] ✓ ch13/sec009.md (1447 chars) | Time: 6.23s | Tokens: Prompt=887, Output=723, Total=1610
[2026-08-22 03:24:44] ✓ ch13/sec010.md (1976 chars) | Time: 7.26s | Tokens: Prompt=1002, Output=988, Total=1990
[2026-08-22 03:24:52] ✓ ch13/sec011.md (2019 chars) | Time: 8.22s | Tokens: Prompt=985, Output=1009, Total=1994
[2026-08-22 03:24:57] ✓ ch13/sec012.md (1949 chars) | Time: 5.59s | Tokens: Prompt=1014, Output=974, Total=1988
[2026-08-22 03:25:04] ✓ ch13/sec013.md (2650 chars) | Time: 6.23s | Tokens: Prompt=1174, Output=1325, Total=2499
[2026-08-22 03:25:11] ✓ ch13/sec014.md (1978 chars) | Time: 6.87s | Tokens: Prompt=1012, Output=989, Total=2001
[2026-08-22 03:25:13] ✓ ch13/sec015.md (325 chars) | Time: 2.74s | Tokens: Prompt=587, Output=162, Total=749
[2026-08-22 03:25:13] Processing ch14 with 15 pages...
[2026-08-22 03:25:21] ✓ ch14/sec001.md (1961 chars) | Time: 7.3s | Tokens: Prompt=1027, Output=980, Total=2007
[2026-08-22 03:25:27] ✓ ch14/sec002.md (2194 chars) | Time: 6.05s | Tokens: Prompt=1102, Output=1097, Total=2199
[2026-08-22 03:25:34] ✓ ch14/sec003.md (2298 chars) | Time: 6.95s | Tokens: Prompt=1110, Output=1149, Total=2259
[2026-08-22 03:25:40] ✓ ch14/sec004.md (1805 chars) | Time: 6.6s | Tokens: Prompt=962, Output=902, Total=1864
[2026-08-22 03:25:50] ✓ ch14/sec005.md (2430 chars) | Time: 9.91s | Tokens: Prompt=1132, Output=1215, Total=2347
[2026-08-22 03:25:56] ✓ ch14/sec006.md (751 chars) | Time: 5.36s | Tokens: Prompt=1221, Output=375, Total=1596
[2026-08-22 03:26:04] ✓ ch14/sec007.md (2796 chars) | Time: 8.65s | Tokens: Prompt=1129, Output=1398, Total=2527
[2026-08-22 03:26:12] ✓ ch14/sec008.md (2012 chars) | Time: 7.51s | Tokens: Prompt=984, Output=1006, Total=1990
[2026-08-22 03:26:16] ✓ ch14/sec009.md (770 chars) | Time: 4.09s | Tokens: Prompt=1165, Output=385, Total=1550
[2026-08-22 03:26:22] ✓ ch14/sec010.md (2475 chars) | Time: 6.62s | Tokens: Prompt=1158, Output=1237, Total=2395
[2026-08-22 03:26:29] ✓ ch14/sec011.md (1998 chars) | Time: 6.35s | Tokens: Prompt=1050, Output=999, Total=2049
[2026-08-22 03:26:36] ✓ ch14/sec012.md (1759 chars) | Time: 7.29s | Tokens: Prompt=963, Output=879, Total=1842
[2026-08-22 03:26:46] ✓ ch14/sec013.md (2434 chars) | Time: 10.24s | Tokens: Prompt=1149, Output=1217, Total=2366
[2026-08-22 03:26:53] ✓ ch14/sec014.md (2058 chars) | Time: 6.44s | Tokens: Prompt=1014, Output=1029, Total=2043
[2026-08-22 03:26:57] ✓ ch14/sec015.md (130 chars) | Time: 4.11s | Tokens: Prompt=525, Output=65, Total=590
[2026-08-22 03:26:57] Processing ch15 with 10 pages...
[2026-08-22 03:27:06] ✓ ch15/sec001.md (2155 chars) | Time: 8.94s | Tokens: Prompt=1054, Output=1077, Total=2131
[2026-08-22 03:27:11] ✓ ch15/sec002.md (2780 chars) | Time: 5.53s | Tokens: Prompt=1197, Output=1390, Total=2587
[2026-08-22 03:27:20] ✓ ch15/sec003.md (2184 chars) | Time: 9.08s | Tokens: Prompt=1091, Output=1092, Total=2183
[2026-08-22 03:27:27] ✓ ch15/sec004.md (2055 chars) | Time: 6.74s | Tokens: Prompt=1014, Output=1027, Total=2041
[2026-08-22 03:27:36] ✓ ch15/sec005.md (2455 chars) | Time: 8.53s | Tokens: Prompt=1137, Output=1227, Total=2364
[2026-08-22 03:27:42] ✓ ch15/sec006.md (722 chars) | Time: 5.96s | Tokens: Prompt=1155, Output=361, Total=1516
[2026-08-22 03:27:49] ✓ ch15/sec007.md (2481 chars) | Time: 7.24s | Tokens: Prompt=1167, Output=1240, Total=2407
[2026-08-22 03:27:55] ✓ ch15/sec008.md (1424 chars) | Time: 5.69s | Tokens: Prompt=1080, Output=712, Total=1792
[2026-08-22 03:28:03] ✓ ch15/sec009.md (2333 chars) | Time: 8.14s | Tokens: Prompt=1052, Output=1166, Total=2218
[2026-08-22 03:28:11] ✓ ch15/sec010.md (2166 chars) | Time: 8.23s | Tokens: Prompt=1055, Output=1083, Total=2138
[2026-08-22 03:28:11] Processing ch16 with 12 pages...
[2026-08-22 03:28:21] ✓ ch16/sec001.md (2889 chars) | Time: 9.92s | Tokens: Prompt=1200, Output=1444, Total=2644
[2026-08-22 03:28:31] ✓ ch16/sec002.md (2491 chars) | Time: 9.94s | Tokens: Prompt=1130, Output=1245, Total=2375
[2026-08-22 03:28:37] ✓ ch16/sec003.md (1984 chars) | Time: 6.07s | Tokens: Prompt=1022, Output=992, Total=2014
[2026-08-22 03:28:45] ✓ ch16/sec004.md (2615 chars) | Time: 7.7s | Tokens: Prompt=1167, Output=1307, Total=2474
[2026-08-22 03:28:53] ✓ ch16/sec005.md (2475 chars) | Time: 8.15s | Tokens: Prompt=1112, Output=1237, Total=2349
[2026-08-22 03:29:01] ✓ ch16/sec006.md (1851 chars) | Time: 8.17s | Tokens: Prompt=969, Output=925, Total=1894
[2026-08-22 03:29:10] ✓ ch16/sec007.md (2463 chars) | Time: 9.19s | Tokens: Prompt=1117, Output=1231, Total=2348
[2026-08-22 03:29:18] ✓ ch16/sec008.md (2229 chars) | Time: 7.95s | Tokens: Prompt=1077, Output=1114, Total=2191
[2026-08-22 03:29:27] ✓ ch16/sec009.md (2445 chars) | Time: 8.78s | Tokens: Prompt=1108, Output=1222, Total=2330
[2026-08-22 03:29:35] ✓ ch16/sec010.md (2614 chars) | Time: 8.42s | Tokens: Prompt=1114, Output=1307, Total=2421
[2026-08-22 03:29:40] ✓ ch16/sec011.md (920 chars) | Time: 4.65s | Tokens: Prompt=1193, Output=460, Total=1653
[2026-08-22 03:29:46] ✓ ch16/sec012.md (515 chars) | Time: 5.75s | Tokens: Prompt=708, Output=257, Total=965
[2026-08-22 03:29:46] Processing ch17 with 15 pages...
[2026-08-22 03:29:53] ✓ ch17/sec001.md (2106 chars) | Time: 7.24s | Tokens: Prompt=1050, Output=1053, Total=2103
[2026-08-22 03:29:57] ✓ ch17/sec002.md (741 chars) | Time: 3.84s | Tokens: Prompt=1048, Output=370, Total=1418
[2026-08-22 03:30:04] ✓ ch17/sec003.md (1840 chars) | Time: 6.76s | Tokens: Prompt=1023, Output=920, Total=1943
[2026-08-22 03:30:11] ✓ ch17/sec004.md (2380 chars) | Time: 7.6s | Tokens: Prompt=1083, Output=1190, Total=2273
[2026-08-22 03:30:20] ✓ ch17/sec005.md (2400 chars) | Time: 9.08s | Tokens: Prompt=1147, Output=1200, Total=2347
[2026-08-22 03:30:29] ✓ ch17/sec006.md (1984 chars) | Time: 8.74s | Tokens: Prompt=1030, Output=992, Total=2022
[2026-08-22 03:30:36] ✓ ch17/sec007.md (2018 chars) | Time: 6.34s | Tokens: Prompt=1029, Output=1009, Total=2038
[2026-08-22 03:30:45] ✓ ch17/sec008.md (1969 chars) | Time: 9.0s | Tokens: Prompt=1010, Output=984, Total=1994
[2026-08-22 03:30:53] ✓ ch17/sec009.md (2543 chars) | Time: 8.27s | Tokens: Prompt=1159, Output=1271, Total=2430
[2026-08-22 03:30:57] ✓ ch17/sec010.md (1077 chars) | Time: 3.89s | Tokens: Prompt=1080, Output=538, Total=1618
[2026-08-22 03:31:05] ✓ ch17/sec011.md (2193 chars) | Time: 7.84s | Tokens: Prompt=1052, Output=1096, Total=2148
[2026-08-22 03:31:11] ✓ ch17/sec012.md (2023 chars) | Time: 6.71s | Tokens: Prompt=1032, Output=1011, Total=2043
[2026-08-22 03:31:18] ✓ ch17/sec013.md (2296 chars) | Time: 6.51s | Tokens: Prompt=1065, Output=1148, Total=2213
[2026-08-22 03:31:26] ✓ ch17/sec014.md (2533 chars) | Time: 7.98s | Tokens: Prompt=1094, Output=1266, Total=2360
[2026-08-22 03:31:34] ✓ ch17/sec015.md (2220 chars) | Time: 7.73s | Tokens: Prompt=1028, Output=1110, Total=2138
[2026-08-22 03:31:34] Processing ch18 with 14 pages...
[2026-08-22 03:31:41] ✓ ch18/sec001.md (2194 chars) | Time: 6.9s | Tokens: Prompt=1065, Output=1097, Total=2162
[2026-08-22 03:31:48] ✓ ch18/sec002.md (1692 chars) | Time: 7.55s | Tokens: Prompt=931, Output=846, Total=1777
[2026-08-22 03:31:57] ✓ ch18/sec003.md (2365 chars) | Time: 9.26s | Tokens: Prompt=1104, Output=1182, Total=2286
[2026-08-22 03:32:11] ✓ ch18/sec004.md (2928 chars) | Time: 13.11s | Tokens: Prompt=1237, Output=1464, Total=2701
[2026-08-22 03:32:19] ✓ ch18/sec005.md (2683 chars) | Time: 8.75s | Tokens: Prompt=1191, Output=1341, Total=2532
[2026-08-22 03:32:23] ✓ ch18/sec006.md (547 chars) | Time: 4.09s | Tokens: Prompt=1102, Output=273, Total=1375
[2026-08-22 03:32:34] ✓ ch18/sec007.md (2988 chars) | Time: 10.32s | Tokens: Prompt=1231, Output=1494, Total=2725
[2026-08-22 03:32:43] ✓ ch18/sec008.md (2415 chars) | Time: 9.39s | Tokens: Prompt=1098, Output=1207, Total=2305
[2026-08-22 03:32:49] ✓ ch18/sec009.md (2686 chars) | Time: 6.3s | Tokens: Prompt=1141, Output=1343, Total=2484
[2026-08-22 03:32:58] ✓ ch18/sec010.md (2465 chars) | Time: 8.46s | Tokens: Prompt=1132, Output=1232, Total=2364
[2026-08-22 03:33:06] ✓ ch18/sec011.md (2381 chars) | Time: 8.28s | Tokens: Prompt=1127, Output=1190, Total=2317
[2026-08-22 03:33:14] ✓ ch18/sec012.md (1974 chars) | Time: 7.53s | Tokens: Prompt=1025, Output=987, Total=2012
[2026-08-22 03:33:23] ✓ ch18/sec013.md (2152 chars) | Time: 8.88s | Tokens: Prompt=1054, Output=1076, Total=2130
[2026-08-22 03:33:25] ✓ ch18/sec014.md (93 chars) | Time: 1.89s | Tokens: Prompt=521, Output=46, Total=567
[2026-08-22 03:33:25] Processing ch19 with 10 pages...
[2026-08-22 03:33:29] ✓ ch19/sec001.md (2304 chars) | Time: 4.79s | Tokens: Prompt=1122, Output=1152, Total=2274
[2026-08-22 03:33:39] ✓ ch19/sec002.md (2631 chars) | Time: 9.19s | Tokens: Prompt=1173, Output=1315, Total=2488
[2026-08-22 03:33:46] ✓ ch19/sec003.md (2177 chars) | Time: 7.63s | Tokens: Prompt=1058, Output=1088, Total=2146
[2026-08-22 03:33:53] ✓ ch19/sec004.md (1987 chars) | Time: 6.37s | Tokens: Prompt=1004, Output=993, Total=1997
[2026-08-22 03:34:05] ✓ ch19/sec005.md (2917 chars) | Time: 12.66s | Tokens: Prompt=1148, Output=1458, Total=2606
[2026-08-22 03:34:12] ✓ ch19/sec006.md (2401 chars) | Time: 7.13s | Tokens: Prompt=1097, Output=1200, Total=2297
[2026-08-22 03:34:20] ✓ ch19/sec007.md (2273 chars) | Time: 7.61s | Tokens: Prompt=1064, Output=1136, Total=2200
[2026-08-22 03:34:27] ✓ ch19/sec008.md (1875 chars) | Time: 7.08s | Tokens: Prompt=993, Output=937, Total=1930
[2026-08-22 03:34:33] ✓ ch19/sec009.md (748 chars) | Time: 5.78s | Tokens: Prompt=1210, Output=374, Total=1584
[2026-08-22 03:34:52] ✓ ch19/sec010.md (823 chars) | Time: 18.79s | Tokens: Prompt=851, Output=411, Total=1262
[2026-08-22 03:34:52] === Translation Completed for هری پاتر و حفره اسرار ===
[2026-08-22 08:19:39] === Starting Translation for: هری پاتر و حفره اسرار (19 chapters) ===
[2026-08-22 08:19:39] Processing ch01 with 7 pages...
[2026-08-22 08:19:39] Processing ch02 with 8 pages...
[2026-08-22 08:19:39] Processing ch03 with 12 pages...
[2026-08-22 08:19:39] Processing ch04 with 15 pages...
[2026-08-22 08:19:39] Processing ch05 with 14 pages...
[2026-08-22 08:19:39] Processing ch06 with 9 pages...
[2026-08-22 08:19:39] Processing ch07 with 2 pages...
[2026-08-22 08:19:39] Processing ch08 with 12 pages...
[2026-08-22 08:19:39] Processing ch09 with 12 pages...
[2026-08-22 08:19:39] Processing ch10 with 14 pages...
[2026-08-22 08:19:39] Processing ch11 with 13 pages...
[2026-08-22 08:19:39] Processing ch12 with 15 pages...
[2026-08-22 08:19:39] Processing ch13 with 15 pages...
[2026-08-22 08:19:39] Processing ch14 with 15 pages...
[2026-08-22 08:19:39] Processing ch15 with 10 pages...
[2026-08-22 08:19:39] Processing ch16 with 12 pages...
[2026-08-22 08:19:39] Processing ch17 with 15 pages...
[2026-08-22 08:19:39] Processing ch18 with 14 pages...
[2026-08-22 08:19:39] Processing ch19 with 10 pages...
[2026-08-22 08:19:39] === Translation Completed for هری پاتر و حفره اسرار ===
